---
source: tests/it/test_toggle.rs
info:
  program: hyprshade
  args:
    - toggle
    - vibrance
    - "--fallback-auto"
  env:
    COLORBT_SHOW_HIDDEN: ""
    HOME: /tmp/.tmp0S05le/hyprshade-test-dir/home/
    RUST_BACKTRACE: ""
    XDG_CONFIG_HOME: /tmp/.tmp0S05le/hyprshade-test-dir/home/.config
    __HYPRSHADE_MOCK_TIME: "03:00:00"
---
success: true
exit_code: 0
----- stdout -----

----- stderr -----
